2026-09-21 15:40:20.270: [INFO] CurrentProfilePath: C:\Users\yando\Documents\Fall 2026\CEG 3536\CEG3536_Lab1_Demarrage\.metadata\.plugins\org.eclipse.swt\EBWebView\Default
2026-09-21 15:40:20.270: [INFO] Profiles total count: 1
2026-09-21 15:40:20.270: [INFO] Profile: name=Profile 1 path=C:\Users\yando\Documents\Fall 2026\CEG 3536\CEG3536_Lab1_Demarrage\.metadata\.plugins\org.eclipse.swt\EBWebView\Default lastActive=null
2026-09-21 15:40:20.270: [INFO] LastUsedProfileDir: C:\Users\yando\Documents\Fall 2026\CEG 3536\CEG3536_Lab1_Demarrage\.metadata\.plugins\org.eclipse.swt\EBWebView\Default
2026-09-21 15:40:20.270: [INFO] OnDoneLoading sync enabled: 0
2026-09-21 15:40:20.270: [INFO] BookmarkModelLoaded, ids_reassigned: 0
2026-09-21 15:40:20.270: [INFO] BookmarksLoadDropped droppedNodes=0
2026-09-21 15:40:20.270: [INFO] BookmarksSnapshot Startup total=0 bar=0 other=0 mobile=0 showBar=0 showBarNTP=1
2026-09-21 15:40:49.995: [INFO] BookmarksSnapshot Shutdown total=0 bar=0 other=0 mobile=0 showBar=0 showBarNTP=1
2026-09-21 15:41:07.265: [INFO] CurrentProfilePath: C:\Users\yando\Documents\Fall 2026\CEG 3536\CEG3536_Lab1_Demarrage\.metadata\.plugins\org.eclipse.swt\EBWebView\Default
2026-09-21 15:41:07.265: [INFO] Profiles total count: 1
2026-09-21 15:41:07.265: [INFO] Profile: name=Profile 1 path=C:\Users\yando\Documents\Fall 2026\CEG 3536\CEG3536_Lab1_Demarrage\.metadata\.plugins\org.eclipse.swt\EBWebView\Default lastActive=2026-09-21T15:40:48.674Z
2026-09-21 15:41:07.265: [INFO] LastUsedProfileDir: C:\Users\yando\Documents\Fall 2026\CEG 3536\CEG3536_Lab1_Demarrage\.metadata\.plugins\org.eclipse.swt\EBWebView\Default
2026-09-21 15:41:07.265: [INFO] MostRecentlyActiveProfile: name=Profile 1 path=C:\Users\yando\Documents\Fall 2026\CEG 3536\CEG3536_Lab1_Demarrage\.metadata\.plugins\org.eclipse.swt\EBWebView\Default lastActive=2026-09-21T15:40:48.674Z
2026-09-21 15:41:07.265: [INFO] OnDoneLoading sync enabled: 0
2026-09-21 15:41:07.265: [INFO] BookmarkModelLoaded, ids_reassigned: 0
2026-09-21 15:41:07.265: [INFO] BookmarksLoadDropped droppedNodes=0
2026-09-21 15:41:07.265: [INFO] BookmarksSnapshot Startup total=0 bar=0 other=0 mobile=0 showBar=0 showBarNTP=1
2026-09-21 15:41:12.754: [INFO] BookmarksSnapshot Shutdown total=0 bar=0 other=0 mobile=0 showBar=0 showBarNTP=1
2026-09-22 15:37:51.234: [INFO] CurrentProfilePath: C:\Users\yando\Documents\Fall 2026\CEG 3536\CEG3536_Lab1_Demarrage\.metadata\.plugins\org.eclipse.swt\EBWebView\Default
2026-09-22 15:37:51.234: [INFO] Profiles total count: 1
2026-09-22 15:37:51.234: [INFO] Profile: name=Profile 1 path=C:\Users\yando\Documents\Fall 2026\CEG 3536\CEG3536_Lab1_Demarrage\.metadata\.plugins\org.eclipse.swt\EBWebView\Default lastActive=2026-09-21T15:41:07.993Z
2026-09-22 15:37:51.234: [INFO] LastUsedProfileDir: C:\Users\yando\Documents\Fall 2026\CEG 3536\CEG3536_Lab1_Demarrage\.metadata\.plugins\org.eclipse.swt\EBWebView\Default
2026-09-22 15:37:51.234: [INFO] MostRecentlyActiveProfile: name=Profile 1 path=C:\Users\yando\Documents\Fall 2026\CEG 3536\CEG3536_Lab1_Demarrage\.metadata\.plugins\org.eclipse.swt\EBWebView\Default lastActive=2026-09-21T15:41:07.993Z
2026-09-22 15:37:51.234: [INFO] OnDoneLoading sync enabled: 0
2026-09-22 15:37:51.234: [INFO] BookmarkModelLoaded, ids_reassigned: 0
2026-09-22 15:37:51.234: [INFO] BookmarksLoadDropped droppedNodes=0
2026-09-22 15:37:51.234: [INFO] BookmarksSnapshot Startup total=0 bar=0 other=0 mobile=0 showBar=0 showBarNTP=1
2026-09-22 15:38:06.589: [INFO] BookmarksSnapshot Shutdown total=0 bar=0 other=0 mobile=0 showBar=0 showBarNTP=1
2026-09-22 15:50:07.777: [INFO] CurrentProfilePath: C:\Users\yando\Documents\Fall 2026\CEG 3536\CEG3536_Lab1_Demarrage\.metadata\.plugins\org.eclipse.swt\EBWebView\Default
2026-09-22 15:50:07.777: [INFO] Profiles total count: 1
2026-09-22 15:50:07.777: [INFO] Profile: name=Profile 1 path=C:\Users\yando\Documents\Fall 2026\CEG 3536\CEG3536_Lab1_Demarrage\.metadata\.plugins\org.eclipse.swt\EBWebView\Default lastActive=2026-09-22T15:37:51.341Z
2026-09-22 15:50:07.777: [INFO] LastUsedProfileDir: C:\Users\yando\Documents\Fall 2026\CEG 3536\CEG3536_Lab1_Demarrage\.metadata\.plugins\org.eclipse.swt\EBWebView\Default
2026-09-22 15:50:07.777: [INFO] MostRecentlyActiveProfile: name=Profile 1 path=C:\Users\yando\Documents\Fall 2026\CEG 3536\CEG3536_Lab1_Demarrage\.metadata\.plugins\org.eclipse.swt\EBWebView\Default lastActive=2026-09-22T15:37:51.341Z
2026-09-22 15:50:07.777: [INFO] OnDoneLoading sync enabled: 0
2026-09-22 15:50:07.777: [INFO] BookmarkModelLoaded, ids_reassigned: 0
2026-09-22 15:50:07.777: [INFO] BookmarksLoadDropped droppedNodes=0
2026-09-22 15:50:07.777: [INFO] BookmarksSnapshot Startup total=0 bar=0 other=0 mobile=0 showBar=0 showBarNTP=1
2026-09-22 15:50:18.344: [INFO] BookmarksSnapshot Shutdown total=0 bar=0 other=0 mobile=0 showBar=0 showBarNTP=1
